// Jest Snapshot v1, https://goo.gl/fbAQLP

exports[`renders correctly 1`] = `
<div
  className="row justify-content-between align-items-center"
  style={
    Object {
      "fontSize": "32px",
      "height": "100%",
      "width": "100%",
    }
  }
>
  <div
    className="col text-center"
  >
    <span
      aria-hidden={true}
      className="material-icons MuiIcon-root center-block"
      style={
        Object {
          "fontSize": "96px",
        }
      }
    >
      sentiment_very_dissatisfied
    </span>
    <div>
      <p>
        Page not found! 
      </p>
      <a
        href="https://cirrus-ci.com"
        title="Homepage"
      >
        Go home?
      </a>
    </div>
  </div>
</div>
`;
