// Jest Snapshot v1, https://goo.gl/fbAQLP

exports[`renders correctly 1`] = `
<div
  className="MuiBox-root css-1aegtqj"
>
  <div
    className="MuiBox-root css-fhxkad"
  >
    <span
      aria-hidden={true}
      className="material-icons notranslate MuiIcon-root MuiIcon-fontSizeMedium css-kp9ftd-MuiIcon-root"
      style={
        Object {
          "fontSize": "96px",
        }
      }
    >
      sentiment_very_dissatisfied
    </span>
    <h2
      className="MuiTypography-root MuiTypography-h2 css-1sra7t5-MuiTypography-root"
    >
      Page not found! 
    </h2>
    <a
      className="MuiTypography-root MuiTypography-h3 MuiLink-root MuiLink-underlineAlways css-1mgvoth-MuiTypography-root-MuiLink-root"
      href="https://cirrus-ci.com"
      onBlur={[Function]}
      onFocus={[Function]}
      title="Homepage"
    >
      Go home?
    </a>
  </div>
</div>
`;
