// Jest Snapshot v1, https://goo.gl/fbAQLP

exports[`renders correctly 1`] = `
<span
  className="MuiLinearProgress-root MuiLinearProgress-colorPrimary MuiLinearProgress-indeterminate css-eglki6-MuiLinearProgress-root"
  role="progressbar"
>
  <span
    className="MuiLinearProgress-bar MuiLinearProgress-barColorPrimary CirrusLinearProgress-progress-1 MuiLinearProgress-bar1Indeterminate css-5ir5xx-MuiLinearProgress-bar1"
    style={Object {}}
  />
  <span
    className="MuiLinearProgress-bar MuiLinearProgress-barColorPrimary CirrusLinearProgress-progress-1 MuiLinearProgress-bar2Indeterminate css-1r8wrcl-MuiLinearProgress-bar2"
    style={Object {}}
  />
</span>
`;
