// Jest Snapshot v1, https://goo.gl/fbAQLP

exports[`renders correctly 1`] = `
<div
  className="makeStyles-logContainer-1"
>
  <div
    className="log-line makeStyles-logLine-2"
    dangerouslySetInnerHTML={
      Object {
        "__html": "hello world",
      }
    }
    id="L0"
    onClick={[Function]}
    tabIndex={0}
  />
  <div
    className="log-line makeStyles-logLine-2"
    dangerouslySetInnerHTML={
      Object {
        "__html": "I am a log",
      }
    }
    id="L1"
    onClick={[Function]}
    tabIndex={0}
  />
  <div
    className="log-line makeStyles-logLine-2"
    dangerouslySetInnerHTML={
      Object {
        "__html": "I log things",
      }
    }
    id="L2"
    onClick={[Function]}
    tabIndex={0}
  />
  <div
    className="log-line makeStyles-logLine-2"
    dangerouslySetInnerHTML={
      Object {
        "__html": "",
      }
    }
    id="L3"
    onClick={[Function]}
    tabIndex={0}
  />
</div>
`;
